###############################################################################
#
# IAR ELF Linker V3.11.1.207 for STM8                     04/Mar/2023  21:08:51
# Copyright 2010-2019 IAR Systems AB.
#
#    Output file  =  D:\pr\wtf\Debug\Exe\w.out
#    Map file     =  D:\pr\wtf\Debug\List\w.map
#    Command line =  
#        -f C:\Users\Stas\AppData\Local\Temp\EW901B.tmp
#        (D:\pr\wtf\Debug\Obj\main.o D:\pr\wtf\Debug\Obj\stm8s_adc1.o
#        D:\pr\wtf\Debug\Obj\stm8s_awu.o D:\pr\wtf\Debug\Obj\stm8s_beep.o
#        D:\pr\wtf\Debug\Obj\stm8s_clk.o D:\pr\wtf\Debug\Obj\stm8s_exti.o
#        D:\pr\wtf\Debug\Obj\stm8s_flash.o D:\pr\wtf\Debug\Obj\stm8s_gpio.o
#        D:\pr\wtf\Debug\Obj\stm8s_i2c.o D:\pr\wtf\Debug\Obj\stm8s_it.o
#        D:\pr\wtf\Debug\Obj\stm8s_itc.o D:\pr\wtf\Debug\Obj\stm8s_rst.o
#        D:\pr\wtf\Debug\Obj\stm8s_spi.o D:\pr\wtf\Debug\Obj\stm8s_tim1.o
#        D:\pr\wtf\Debug\Obj\stm8s_tim2.o D:\pr\wtf\Debug\Obj\stm8s_uart1.o
#        --redirect _Printf=_PrintfFullNoMb --redirect _Scanf=_ScanfFullNoMb
#        --no_out_extension -o D:\pr\wtf\Debug\Exe\w.out --map
#        D:\pr\wtf\Debug\List\w.map --config "C:\Program Files (x86)\IAR
#        Systems\Embedded Workbench 8.3\stm8\config\lnkstm8s103f3.icf"
#        --config_def _CSTACK_SIZE=0x100 --config_def _HEAP_SIZE=0x100 --entry
#        __iar_program_start --debug_lib)
#
###############################################################################

*******************************************************************************
*** RUNTIME MODEL ATTRIBUTES
***

__SystemLibrary            = DLib
__code_model               = small
__core                     = stm8
__data_model               = medium
__dlib_file_descriptor     = 0
__dlib_full_locale_support = 0
__rt_version               = 4


*******************************************************************************
*** PLACEMENT SUMMARY
***

"A0":  place at start of [0x000000-0x0000ff] { rw section .vregs };
"A1":  place at end of [0x000000-0x0003ff] { block CSTACK };
"P2":  place in [from 0x000000 to 0x0003ff] {
          block HEAP, rw section __DLIB_PERTHREAD, rw section .far.bss,
          rw section .far.data, rw section .far.noinit,
          rw section .far_func.textrw, rw section .huge.bss,
          rw section .huge.data, rw section .huge.noinit,
          rw section .huge_func.textrw, rw section .iar.dynexit,
          rw section .near.bss, rw section .near.data, rw section .near.noinit,
          rw section .near_func.textrw };
"A2":  place at start of [0x008000-0x009fff] { block INTVEC };
"P3":  place in [from 0x008000 to 0x009fff] {
          ro section __DLIB_PERTHREAD_init, ro section .far.data_init,
          ro section .far_func.textrw_init, ro section .huge.data_init,
          ro section .huge_func.textrw_init, ro section .iar.init_table,
          ro section .init_array, ro section .near.data_init,
          ro section .near.rodata, ro section .near_func.text,
          ro section .near_func.textrw_init, ro section .tiny.data_init,
          ro section .tiny.rodata_init };
"P4":  place in [from 0x008000 to 0x009fff] {
          ro section .far.rodata, ro section .far_func.text };
"P5":  place in [from 0x008000 to 0x009fff] {
          ro section .huge.rodata, ro section .huge_func.text };
do not initialize {
   rw section .eeprom.noinit, rw section .far.noinit, rw section .huge.noinit,
   rw section .near.noinit, rw section .tiny.noinit, rw section .vregs };
initialize by copy {
   rw section .far.bss, rw section .far.data, rw section .far_func.textrw,
   rw section .huge.bss, rw section .huge.data, rw section .huge_func.textrw,
   rw section .iar.dynexit, rw section .near.bss, rw section .near.data,
   rw section .near_func.textrw, rw section .tiny.bss, rw section .tiny.data,
   ro section .tiny.rodata };

No sections matched the following patterns:

  ro section .far.data_init          in "P3-P5"
  ro section .far.rodata             in "P3-P5"
  ro section .far_func.text          in "P3-P5"
  ro section .far_func.textrw_init   in "P3-P5"
  ro section .huge.data_init         in "P3-P5"
  ro section .huge.rodata            in "P3-P5"
  ro section .huge_func.text         in "P3-P5"
  ro section .huge_func.textrw_init  in "P3-P5"
  ro section .iar.init_table         in "P3-P5"
  ro section .init_array             in "P3-P5"
  ro section .near_func.textrw_init  in "P3-P5"
  ro section .tiny.data_init         in "P3-P5"
  ro section .tiny.rodata_init       in "P3-P5"
  ro section __DLIB_PERTHREAD_init   in "P3-P5"
  rw section .far.bss                in "P2"
  rw section .far.data               in "P2"
  rw section .far.noinit             in "P2"
  rw section .far_func.textrw        in "P2"
  rw section .huge.bss               in "P2"
  rw section .huge.data              in "P2"
  rw section .huge.noinit            in "P2"
  rw section .huge_func.textrw       in "P2"
  rw section .iar.dynexit            in "P2"
  rw section .near.noinit            in "P2"
  rw section .near_func.textrw       in "P2"
  rw section .tiny.bss               in "P1"
  rw section .tiny.data              in "P1"
  rw section .tiny.noinit            in "P1"
  rw section .tiny.rodata            in "P1"
  rw section __DLIB_PERTHREAD        in "P2"
  section .eeprom.data               in "P6-P8"
  section .eeprom.noinit             in "P6-P8"
  section .eeprom.rodata             in "P6-P8"


  Section            Kind      Address   Size  Object
  -------            ----      -------   ----  ------
"A0":                                    0x10
  .vregs             uninit   0x000000   0x10  vregs.o [4]
                            - 0x000010   0x10

"P2":                                     0xc
  P2-1                        0x000010    0xc  <Init block>
    .near.data       inited   0x000010    0xa  stm8s_it.o [1]
    .near.bss        inited   0x00001a    0x1  main.o [1]
    .near.bss        inited   0x00001b    0x1  stm8s_it.o [1]
                            - 0x00001c    0xc

"A1":                                   0x100
  CSTACK                      0x000300  0x100  <Block>
    CSTACK           uninit   0x000300  0x100  <Block tail>
                            - 0x000400  0x100

"A2":                                    0x80
  INTVEC                      0x008000   0x80  <Block>
    .intvec          const    0x008000   0x80  interrupt.o [4]
                            - 0x008080   0x80

"P3-P5":                                0xa54
  .near_func.text    ro code  0x008080  0x222  stm8s_uart1.o [1]
  .near_func.text    ro code  0x0082a2  0x12b  long.o [4]
  .near_func.text    ro code  0x0083cd  0x110  stm8s_gpio.o [1]
  .near_func.text    ro code  0x0084dd   0xf2  vreg_util.o [4]
  .near_func.text    ro code  0x0085cf   0xd0  stm8s_uart1.o [1]
  .near_func.text    ro code  0x00869f   0x9e  stm8s_uart1.o [1]
  .near_func.text    ro code  0x00873d   0x57  stm8s_clk.o [1]
  .near.rodata       const    0x008794   0x4d  stm8s_uart1.o [1]
  .near.rodata       const    0x0087e1   0x4c  stm8s_gpio.o [1]
  .near.rodata       const    0x00882d   0x4b  stm8s_clk.o [1]
  .near_func.text    ro code  0x008878   0x47  main.o [1]
  .near_func.text    ro code  0x0088bf   0x47  long_util.o [4]
  .near_func.text    ro code  0x008906   0x3d  stm8s_clk.o [1]
  .near_func.text    ro code  0x008943   0x36  stm8s_it.o [1]
  .near_func.text    ro code  0x008979   0x2f  main.o [1]
  .near_func.text    ro code  0x0089a8   0x28  init_small.o [4]
  .near_func.text    ro code  0x0089d0   0x25  dc_util.o [4]
  .iar.init_table    const    0x0089f5    0xa  - Linker created -
  .near_func.text    ro code  0x0089ff   0x1b  stm8s_it.o [1]
  .near_func.text    ro code  0x008a1a   0x18  main.o [1]
  .near_func.text    ro code  0x008a32   0x14  init.o [4]
  .near_func.text    ro code  0x008a46   0x14  __dbg_xxexit.o [3]
  .near_func.text    ro code  0x008a5a   0x13  cstartup.o [4]
  .near_func.text    ro code  0x008a6d    0xd  stm8s_uart1.o [1]
  .near_func.text    ro code  0x008a7a    0xd  short.o [4]
  Initializer bytes  const    0x008a87    0xc  <for P2-1>
  .near_func.text    ro code  0x008a93    0x7  stm8s_gpio.o [1]
  .near_func.text    ro code  0x008a9a    0x5  cexit.o [4]
  .near.rodata       const    0x008a9f    0x4  stm8s_clk.o [1]
  .near_func.text    ro code  0x008aa3    0x4  main.o [1]
  .near_func.text    ro code  0x008aa7    0x4  stm8s_gpio.o [1]
  .near_func.text    ro code  0x008aab    0x4  stm8s_uart1.o [1]
  .near_func.text    ro code  0x008aaf    0x4  stm8s_uart1.o [1]
  .near_func.text    ro code  0x008ab3    0x3  interrupt.o [4]
  .near_func.text    ro code  0x008ab6    0x3  low_level_init.o [4]
  .near_func.text    ro code  0x008ab9    0x3  exit.o [4]
  .near_func.text    ro code  0x008abc    0x3  unhandled_exception.o [4]
  .near_func.text    ro code  0x008abf    0x2  main.o [1]
  .near_func.text    ro code  0x008ac1    0x1  stm8s_it.o [1]
  .near_func.text    ro code  0x008ac2    0x1  stm8s_it.o [1]
  .near_func.text    ro code  0x008ac3    0x1  stm8s_it.o [1]
  .near_func.text    ro code  0x008ac4    0x1  stm8s_it.o [1]
  .near_func.text    ro code  0x008ac5    0x1  stm8s_it.o [1]
  .near_func.text    ro code  0x008ac6    0x1  stm8s_it.o [1]
  .near_func.text    ro code  0x008ac7    0x1  stm8s_it.o [1]
  .near_func.text    ro code  0x008ac8    0x1  stm8s_it.o [1]
  .near_func.text    ro code  0x008ac9    0x1  stm8s_it.o [1]
  .near_func.text    ro code  0x008aca    0x1  stm8s_it.o [1]
  .near_func.text    ro code  0x008acb    0x1  stm8s_it.o [1]
  .near_func.text    ro code  0x008acc    0x1  stm8s_it.o [1]
  .near_func.text    ro code  0x008acd    0x1  stm8s_it.o [1]
  .near_func.text    ro code  0x008ace    0x1  stm8s_it.o [1]
  .near_func.text    ro code  0x008acf    0x1  stm8s_it.o [1]
  .near_func.text    ro code  0x008ad0    0x1  stm8s_it.o [1]
  .near_func.text    ro code  0x008ad1    0x1  stm8s_it.o [1]
  .near_func.text    ro code  0x008ad2    0x1  stm8s_it.o [1]
  .near_func.text    ro code  0x008ad3    0x1  __dbg_break.o [3]
                            - 0x008ad4  0xa54


*******************************************************************************
*** INIT TABLE
***

          Address   Size
          -------   ----
Copy (__iar_copy_init2)
    1 source range, total size 0xc:
          0x008a87   0xc
    1 destination range, total size 0xc:
          0x000010   0xc



*******************************************************************************
*** MODULE SUMMARY
***

    Module                 ro code  ro data  rw data
    ------                 -------  -------  -------
D:\pr\wtf\Debug\Obj: [1]
    main.o                     148        1        1
    stm8s_clk.o                148       79
    stm8s_gpio.o               283       76
    stm8s_it.o                  99       11       11
    stm8s_uart1.o              933       77
    ------------------------------------------------
    Total:                   1 611      244       12

command line: [2]
    ------------------------------------------------
    Total:

dbgstm8smd.a: [3]
    __dbg_break.o                1
    __dbg_xxexit.o              20
    ------------------------------------------------
    Total:                      21

dlstm8smn.a: [4]
    cexit.o                      5
    cstartup.o                  19
    dc_util.o                   37
    exit.o                       3
    init.o                      20
    init_small.o                40
    interrupt.o                  3      128
    long.o                     299
    long_util.o                 71
    low_level_init.o             3
    short.o                     13
    unhandled_exception.o        3
    vreg_util.o                242
    vregs.o                                       16
    ------------------------------------------------
    Total:                     758      128       16

    Linker created                       10      256
----------------------------------------------------
    Grand Total:             2 390      382      284


*******************************************************************************
*** ENTRY LIST
***

Entry                    Address   Size  Type      Object
-----                    -------   ----  ----      ------
.iar.init_table$$Base   0x0089f5          --   Gb  - Linker created -
.iar.init_table$$Limit  0x0089ff          --   Gb  - Linker created -
?b0                     0x000000         Data  Gb  vregs.o [4]
?b1                     0x000001         Data  Gb  vregs.o [4]
?b10                    0x00000a         Data  Gb  vregs.o [4]
?b11                    0x00000b         Data  Gb  vregs.o [4]
?b12                    0x00000c         Data  Gb  vregs.o [4]
?b13                    0x00000d         Data  Gb  vregs.o [4]
?b14                    0x00000e         Data  Gb  vregs.o [4]
?b15                    0x00000f         Data  Gb  vregs.o [4]
?b2                     0x000002         Data  Gb  vregs.o [4]
?b3                     0x000003         Data  Gb  vregs.o [4]
?b4                     0x000004         Data  Gb  vregs.o [4]
?b5                     0x000005         Data  Gb  vregs.o [4]
?b6                     0x000006         Data  Gb  vregs.o [4]
?b7                     0x000007         Data  Gb  vregs.o [4]
?b8                     0x000008         Data  Gb  vregs.o [4]
?b9                     0x000009         Data  Gb  vregs.o [4]
?dc32_l0                0x0089d0         Code  Gb  dc_util.o [4]
?dc32_l1                0x0089dd         Code  Gb  dc_util.o [4]
?dc32_px                0x0089ea         Code  Gb  dc_util.o [4]
?e0                     0x000001         Data  Gb  vregs.o [4]
?e1                     0x000005         Data  Gb  vregs.o [4]
?e2                     0x000009         Data  Gb  vregs.o [4]
?e3                     0x00000d         Data  Gb  vregs.o [4]
?epilogue_l2            0x00856c         Code  Gb  vreg_util.o [4]
?epilogue_l2_l3         0x008569         Code  Gb  vreg_util.o [4]
?epilogue_w4            0x008570         Code  Gb  vreg_util.o [4]
?l0                     0x000000         Data  Gb  vregs.o [4]
?l1                     0x000004         Data  Gb  vregs.o [4]
?l2                     0x000008         Data  Gb  vregs.o [4]
?l3                     0x00000c         Data  Gb  vregs.o [4]
?load32_0x_l0           0x0088f8         Code  Gb  long_util.o [4]
?load32_asp_l0          0x0088ec         Code  Gb  long_util.o [4]
?load32_dbsp_l0         0x0088e7         Code  Gb  long_util.o [4]
?load32_l0_0x           0x0088cf         Code  Gb  long_util.o [4]
?load32_l0_asp          0x0088c4         Code  Gb  long_util.o [4]
?load32_l0_dbsp         0x0088bf         Code  Gb  long_util.o [4]
?load32_l0_xsp          0x0088c6         Code  Gb  long_util.o [4]
?load32_l1_0x           0x0088db         Code  Gb  long_util.o [4]
?load32_xsp_l0          0x0088ee         Code  Gb  long_util.o [4]
?mov_e0_e2              0x008577         Code  Gb  vreg_util.o [4]
?mov_e0_e3              0x008584         Code  Gb  vreg_util.o [4]
?mov_e1_e0              0x008591         Code  Gb  vreg_util.o [4]
?mov_e1_e2              0x00859e         Code  Gb  vreg_util.o [4]
?mov_e1_e3              0x0085ab         Code  Gb  vreg_util.o [4]
?mov_e2_e0              0x0085b8         Code  Gb  vreg_util.o [4]
?mov_e3_e0              0x0085c5         Code  Gb  vreg_util.o [4]
?mov_l0_l2              0x008574         Code  Gb  vreg_util.o [4]
?mov_l0_l3              0x008581         Code  Gb  vreg_util.o [4]
?mov_l1_l0              0x00858e         Code  Gb  vreg_util.o [4]
?mov_l1_l2              0x00859b         Code  Gb  vreg_util.o [4]
?mov_l1_l3              0x0085a8         Code  Gb  vreg_util.o [4]
?mov_l2_l0              0x0085b5         Code  Gb  vreg_util.o [4]
?mov_l3_l0              0x0085c2         Code  Gb  vreg_util.o [4]
?mov_w1_w5              0x00857a         Code  Gb  vreg_util.o [4]
?mov_w1_w7              0x008587         Code  Gb  vreg_util.o [4]
?mov_w3_w1              0x008594         Code  Gb  vreg_util.o [4]
?mov_w3_w5              0x0085a1         Code  Gb  vreg_util.o [4]
?mov_w3_w7              0x0085ae         Code  Gb  vreg_util.o [4]
?mov_w5_w1              0x0085bb         Code  Gb  vreg_util.o [4]
?mov_w7_w1              0x0085c8         Code  Gb  vreg_util.o [4]
?mul32_l0_l0_0x         0x0082c0         Code  Gb  long.o [4]
?mul32_l0_l0_dl         0x0082bd         Code  Gb  long.o [4]
?mul32_l0_l0_l1         0x0082c9         Code  Gb  long.o [4]
?pop_l0                 0x008535         Code  Gb  vreg_util.o [4]
?pop_l1                 0x008540         Code  Gb  vreg_util.o [4]
?pop_l2                 0x00854b         Code  Gb  vreg_util.o [4]
?pop_l3                 0x008556         Code  Gb  vreg_util.o [4]
?pop_w4                 0x0084f5         Code  Gb  vreg_util.o [4]
?push_l0                0x008504         Code  Gb  vreg_util.o [4]
?push_l1                0x008509         Code  Gb  vreg_util.o [4]
?push_l2                0x00850e         Code  Gb  vreg_util.o [4]
?push_l3                0x008513         Code  Gb  vreg_util.o [4]
?push_w4                0x0084dd         Code  Gb  vreg_util.o [4]
?sll16_x_x_a            0x008a7a         Code  Gb  short.o [4]
?sll32_0x_0x_a          0x0083bf         Code  Gb  long.o [4]
?sll32_l0_l0_a          0x0083bc         Code  Gb  long.o [4]
?srl16_x_x_4            0x008a82         Code  Gb  short.o [4]
?sub32_l0_l0_0x         0x0082a5         Code  Gb  long.o [4]
?sub32_l0_l0_l1         0x0082a2         Code  Gb  long.o [4]
?udiv32_l0_dl_l1        0x008347         Code  Gb  long.o [4]
?udiv32_l0_l0_dl        0x00834c         Code  Gb  long.o [4]
?udiv32_l0_l0_l1        0x00834f         Code  Gb  long.o [4]
?umod32_l1_l0_l1        0x00834f         Code  Gb  long.o [4]
?w0                     0x000000         Data  Gb  vregs.o [4]
?w1                     0x000002         Data  Gb  vregs.o [4]
?w2                     0x000004         Data  Gb  vregs.o [4]
?w3                     0x000006         Data  Gb  vregs.o [4]
?w4                     0x000008         Data  Gb  vregs.o [4]
?w5                     0x00000a         Data  Gb  vregs.o [4]
?w6                     0x00000c         Data  Gb  vregs.o [4]
?w7                     0x00000e         Data  Gb  vregs.o [4]
ADC1_IRQHandler         0x008ad0    0x1  Code  Gb  stm8s_it.o [1]
AWU_IRQHandler          0x008ac3    0x1  Code  Gb  stm8s_it.o [1]
CLK_Config              0x008aa3    0x4  Code  Lc  main.o [1]
CLK_GetClockFreq        0x00873d   0x57  Code  Gb  stm8s_clk.o [1]
CLK_HSIPrescalerConfig  0x008906   0x3d  Code  Gb  stm8s_clk.o [1]
CLK_IRQHandler          0x008ac4    0x1  Code  Gb  stm8s_it.o [1]
CSTACK$$Base            0x000300          --   Gb  - Linker created -
CSTACK$$Limit           0x000400          --   Gb  - Linker created -
EEPROM_EEC_IRQHandler   0x008ad2    0x1  Code  Gb  stm8s_it.o [1]
EXTI_PORTA_IRQHandler   0x008ac5    0x1  Code  Gb  stm8s_it.o [1]
EXTI_PORTB_IRQHandler   0x008ac6    0x1  Code  Gb  stm8s_it.o [1]
EXTI_PORTC_IRQHandler   0x008ac7    0x1  Code  Gb  stm8s_it.o [1]
EXTI_PORTD_IRQHandler   0x008ac8    0x1  Code  Gb  stm8s_it.o [1]
EXTI_PORTE_IRQHandler   0x008ac9    0x1  Code  Gb  stm8s_it.o [1]
GPIO_Config             0x008a1a   0x18  Code  Lc  main.o [1]
GPIO_Init               0x0083cd  0x110  Code  Gb  stm8s_gpio.o [1]
GPIO_WriteHigh          0x008a93    0x7  Code  Gb  stm8s_gpio.o [1]
GPIO_WriteLow           0x008aa7    0x4  Code  Gb  stm8s_gpio.o [1]
HSIDivFactor            0x008a9f    0x4  Data  Gb  stm8s_clk.o [1]
I2C_IRQHandler          0x008acf    0x1  Code  Gb  stm8s_it.o [1]
INTVEC$$Base            0x008000          --   Gb  - Linker created -
INTVEC$$Limit           0x008080          --   Gb  - Linker created -
ReceivedData            0x00001a    0x1  Data  Gb  main.o [1]
Region$$Table$$Base     0x0089f5          --   Gb  - Linker created -
Region$$Table$$Limit    0x0089ff          --   Gb  - Linker created -
SPI_IRQHandler          0x008aca    0x1  Code  Gb  stm8s_it.o [1]
TIM1_CAP_COM_IRQHandler
                        0x008acc    0x1  Code  Gb  stm8s_it.o [1]
TIM1_UPD_OVF_TRG_BRK_IRQHandler
                        0x008acb    0x1  Code  Gb  stm8s_it.o [1]
TIM2_CAP_COM_IRQHandler
                        0x008ace    0x1  Code  Gb  stm8s_it.o [1]
TIM2_UPD_OVF_BRK_IRQHandler
                        0x008acd    0x1  Code  Gb  stm8s_it.o [1]
TIM4_UPD_OVF_IRQHandler
                        0x008ad1    0x1  Code  Gb  stm8s_it.o [1]
TLI_IRQHandler          0x008ac2    0x1  Code  Gb  stm8s_it.o [1]
TRAP_IRQHandler         0x008ac1    0x1  Code  Gb  stm8s_it.o [1]
TxBuffer                0x000010    0xa  Data  Gb  stm8s_it.o [1]
TxCounter               0x00001b    0x1  Data  Gb  stm8s_it.o [1]
UART1_Cmd               0x008a6d    0xd  Code  Gb  stm8s_uart1.o [1]
UART1_Config            0x008979   0x2f  Code  Lc  main.o [1]
UART1_GetFlagStatus     0x00869f   0x9e  Code  Gb  stm8s_uart1.o [1]
UART1_ITConfig          0x0085cf   0xd0  Code  Gb  stm8s_uart1.o [1]
UART1_Init              0x008080  0x222  Code  Gb  stm8s_uart1.o [1]
UART1_RX_IRQHandler     0x0089ff   0x1b  Code  Gb  stm8s_it.o [1]
UART1_ReceiveData8      0x008aab    0x4  Code  Gb  stm8s_uart1.o [1]
UART1_SendData8         0x008aaf    0x4  Code  Gb  stm8s_uart1.o [1]
UART1_TX_IRQHandler     0x008943   0x36  Code  Gb  stm8s_it.o [1]
__DebugBreak            0x008ad3    0x1  Code  Gb  __dbg_break.o [3]
__exit                  0x008a46   0x14  Code  Gb  __dbg_xxexit.o [3]
__iar_copy_init2        0x0089a8         Code  Gb  init_small.o [4]
__iar_data_init2        0x008a32   0x14  Code  Gb  init.o [4]
__iar_program_start     0x008a5a         Code  Gb  cstartup.o [4]
__iar_unhandled_exception
                        0x008abc         Code  Gb  unhandled_exception.o [4]
__intvec                0x008000         Data  Gb  interrupt.o [4]
__low_level_init        0x008ab6    0x3  Code  Gb  low_level_init.o [4]
_exit                   0x008a9a         Code  Gb  cexit.o [4]
_interrupt_1            0x008ac1         Code  Gb  stm8s_it.o [1]
_interrupt_12           0x008aca         Code  Gb  stm8s_it.o [1]
_interrupt_13           0x008acb         Code  Gb  stm8s_it.o [1]
_interrupt_14           0x008acc         Code  Gb  stm8s_it.o [1]
_interrupt_15           0x008acd         Code  Gb  stm8s_it.o [1]
_interrupt_16           0x008ace         Code  Gb  stm8s_it.o [1]
_interrupt_19           0x008943         Code  Gb  stm8s_it.o [1]
_interrupt_2            0x008ac2         Code  Gb  stm8s_it.o [1]
_interrupt_20           0x0089ff         Code  Gb  stm8s_it.o [1]
_interrupt_21           0x008acf         Code  Gb  stm8s_it.o [1]
_interrupt_24           0x008ad0         Code  Gb  stm8s_it.o [1]
_interrupt_25           0x008ad1         Code  Gb  stm8s_it.o [1]
_interrupt_26           0x008ad2         Code  Gb  stm8s_it.o [1]
_interrupt_3            0x008ac3         Code  Gb  stm8s_it.o [1]
_interrupt_4            0x008ac4         Code  Gb  stm8s_it.o [1]
_interrupt_5            0x008ac5         Code  Gb  stm8s_it.o [1]
_interrupt_6            0x008ac6         Code  Gb  stm8s_it.o [1]
_interrupt_7            0x008ac7         Code  Gb  stm8s_it.o [1]
_interrupt_8            0x008ac8         Code  Gb  stm8s_it.o [1]
_interrupt_9            0x008ac9         Code  Gb  stm8s_it.o [1]
assert_failed           0x008abf    0x2  Code  Gb  main.o [1]
exit                    0x008ab9    0x3  Code  Gb  exit.o [4]
main                    0x008878   0x47  Code  Gb  main.o [1]


[1] = D:\pr\wtf\Debug\Obj
[2] = command line
[3] = dbgstm8smd.a
[4] = dlstm8smn.a

  2 390 bytes of readonly  code memory
    382 bytes of readonly  data memory
    284 bytes of readwrite data memory

Errors: none
Warnings: none
